
> backend@1.0.0 test C:\Users\ASUS\workspaces\projects\story-diary\backend
> jest --config jest.config.js

FAIL tests/api/habits.test.ts (6.714 s)
  โ— GET /api/habits/today โ€บ 200 + entries array (empty for new user)

    expected 200 "OK", got 401 "Unauthorized"

      64 |   it("200 + entries array (empty for new user)", async () => {
      65 |     const agent = await loginAgent();
    > 66 |     const res = await agent.get("/api/habits/today").expect(200);
         |                                                      ^
      67 |
      68 |     expect(Array.isArray(res.body.entries)).toBe(true);
      69 |     expect(res.body.entries).toHaveLength(0);

      at Object.<anonymous> (tests/api/habits.test.ts:66:54)
      ----
      at Test._assertStatus (node_modules/.pnpm/supertest@7.2.2/node_modules/supertest/lib/test.js:309:14)
      at node_modules/.pnpm/supertest@7.2.2/node_modules/supertest/lib/test.js:365:13
      at Test._assertFunction (node_modules/.pnpm/supertest@7.2.2/node_modules/supertest/lib/test.js:342:13)
      at Test.assert (node_modules/.pnpm/supertest@7.2.2/node_modules/supertest/lib/test.js:195:23)
      at localAssert (node_modules/.pnpm/supertest@7.2.2/node_modules/supertest/lib/test.js:138:14)
      at Server.<anonymous> (node_modules/.pnpm/supertest@7.2.2/node_modules/supertest/lib/test.js:152:11)

  โ— GET /api/habits/today โ€บ 200 + entries after creating an activity

    expected 201 "Created", got 401 "Unauthorized"

      74 |
      75 |     // Create a medicine activity scheduled for all weekdays
    > 76 |     await agent.post("/api/habits/activities").send(MED_ACTIVITY).expect(201);
         |                                                                   ^
      77 |
      78 |     // Get today's date
      79 |     const today = new Date().toISOString().slice(0, 10);

      at Object.<anonymous> (tests/api/habits.test.ts:76:67)
      ----
      at Test._assertStatus (node_modules/.pnpm/supertest@7.2.2/node_modules/supertest/lib/test.js:309:14)
      at node_modules/.pnpm/supertest@7.2.2/node_modules/supertest/lib/test.js:365:13
      at Test._assertFunction (node_modules/.pnpm/supertest@7.2.2/node_modules/supertest/lib/test.js:342:13)
      at Test.assert (node_modules/.pnpm/supertest@7.2.2/node_modules/supertest/lib/test.js:195:23)
      at localAssert (node_modules/.pnpm/supertest@7.2.2/node_modules/supertest/lib/test.js:138:14)
      at Server.<anonymous> (node_modules/.pnpm/supertest@7.2.2/node_modules/supertest/lib/test.js:152:11)

  โ— GET /api/habits/today โ€บ 400 VALIDATION_ERROR for malformed date param

    expected 400 "Bad Request", got 401 "Unauthorized"

      90 |     const res = await agent
      91 |       .get("/api/habits/today?date=not-a-date")
    > 92 |       .expect(400);
         |        ^
      93 |
      94 |     expect(res.body.error.code).toBe("VALIDATION_ERROR");
      95 |   });

      at Object.<anonymous> (tests/api/habits.test.ts:92:8)
      ----
      at Test._assertStatus (node_modules/.pnpm/supertest@7.2.2/node_modules/supertest/lib/test.js:309:14)
      at node_modules/.pnpm/supertest@7.2.2/node_modules/supertest/lib/test.js:365:13
      at Test._assertFunction (node_modules/.pnpm/supertest@7.2.2/node_modules/supertest/lib/test.js:342:13)
      at Test.assert (node_modules/.pnpm/supertest@7.2.2/node_modules/supertest/lib/test.js:195:23)
      at localAssert (node_modules/.pnpm/supertest@7.2.2/node_modules/supertest/lib/test.js:138:14)
      at Server.<anonymous> (node_modules/.pnpm/supertest@7.2.2/node_modules/supertest/lib/test.js:152:11)

  โ— GET /api/habits/today โ€บ TodayHabitEntry has correct spec shape when entries present

    expected 201 "Created", got 401 "Unauthorized"

      105 |         schedule: { frequency: "daily", weekdays: [0, 1, 2, 3, 4, 5, 6] },
      106 |       })
    > 107 |       .expect(201);
          |        ^
      108 |
      109 |     const today = new Date().toISOString().slice(0, 10);
      110 |     const res = await agent

      at Object.<anonymous> (tests/api/habits.test.ts:107:8)
      ----
      at Test._assertStatus (node_modules/.pnpm/supertest@7.2.2/node_modules/supertest/lib/test.js:309:14)
      at node_modules/.pnpm/supertest@7.2.2/node_modules/supertest/lib/test.js:365:13
      at Test._assertFunction (node_modules/.pnpm/supertest@7.2.2/node_modules/supertest/lib/test.js:342:13)
      at Test.assert (node_modules/.pnpm/supertest@7.2.2/node_modules/supertest/lib/test.js:195:23)
      at localAssert (node_modules/.pnpm/supertest@7.2.2/node_modules/supertest/lib/test.js:138:14)
      at Server.<anonymous> (node_modules/.pnpm/supertest@7.2.2/node_modules/supertest/lib/test.js:152:11)

  โ— GET /api/habits/today โ€บ accent colour for medicine activity is #57a8db (spec: cat-med)

    expected 201 "Created", got 401 "Unauthorized"

      127 |       .post("/api/habits/activities")
      128 |       .send({ ...MED_ACTIVITY, schedule: { frequency: "daily", weekdays: [0, 1, 2, 3, 4, 5, 6] } })
    > 129 |       .expect(201);
          |        ^
      130 |
      131 |     const today = new Date().toISOString().slice(0, 10);
      132 |     const res = await agent.get(`/api/habits/today?date=${today}`).expect(200);

      at Object.<anonymous> (tests/api/habits.test.ts:129:8)
      ----
      at Test._assertStatus (node_modules/.pnpm/supertest@7.2.2/node_modules/supertest/lib/test.js:309:14)
      at node_modules/.pnpm/supertest@7.2.2/node_modules/supertest/lib/test.js:365:13
      at Test._assertFunction (node_modules/.pnpm/supertest@7.2.2/node_modules/supertest/lib/test.js:342:13)
      at Test.assert (node_modules/.pnpm/supertest@7.2.2/node_modules/supertest/lib/test.js:195:23)
      at localAssert (node_modules/.pnpm/supertest@7.2.2/node_modules/supertest/lib/test.js:138:14)
      at Server.<anonymous> (node_modules/.pnpm/supertest@7.2.2/node_modules/supertest/lib/test.js:152:11)

  โ— GET /api/habits/weekly โ€บ 200 when authenticated (no activities)

    expected 200 "OK", got 401 "Unauthorized"

      155 |   it("200 when authenticated (no activities)", async () => {
      156 |     const agent = await loginAgent();
    > 157 |     await agent.get("/api/habits/weekly").expect(200);
          |                                           ^
      158 |   });
      159 |
      160 |   it("400 VALIDATION_ERROR for malformed weekStart param", async () => {

      at Object.<anonymous> (tests/api/habits.test.ts:157:43)
      ----
      at Test._assertStatus (node_modules/.pnpm/supertest@7.2.2/node_modules/supertest/lib/test.js:309:14)
      at node_modules/.pnpm/supertest@7.2.2/node_modules/supertest/lib/test.js:365:13
      at Test._assertFunction (node_modules/.pnpm/supertest@7.2.2/node_modules/supertest/lib/test.js:342:13)
      at Test.assert (node_modules/.pnpm/supertest@7.2.2/node_modules/supertest/lib/test.js:195:23)
      at localAssert (node_modules/.pnpm/supertest@7.2.2/node_modules/supertest/lib/test.js:138:14)
      at Server.<anonymous> (node_modules/.pnpm/supertest@7.2.2/node_modules/supertest/lib/test.js:152:11)

  โ— GET /api/habits/weekly โ€บ 400 VALIDATION_ERROR for malformed weekStart param

    expected 400 "Bad Request", got 401 "Unauthorized"

      162 |     const res = await agent
      163 |       .get("/api/habits/weekly?weekStart=bad-date")
    > 164 |       .expect(400);
          |        ^
      165 |
      166 |     expect(res.body.error.code).toBe("VALIDATION_ERROR");
      167 |   });

      at Object.<anonymous> (tests/api/habits.test.ts:164:8)
      ----
      at Test._assertStatus (node_modules/.pnpm/supertest@7.2.2/node_modules/supertest/lib/test.js:309:14)
      at node_modules/.pnpm/supertest@7.2.2/node_modules/supertest/lib/test.js:365:13
      at Test._assertFunction (node_modules/.pnpm/supertest@7.2.2/node_modules/supertest/lib/test.js:342:13)
      at Test.assert (node_modules/.pnpm/supertest@7.2.2/node_modules/supertest/lib/test.js:195:23)
      at localAssert (node_modules/.pnpm/supertest@7.2.2/node_modules/supertest/lib/test.js:138:14)
      at Server.<anonymous> (node_modules/.pnpm/supertest@7.2.2/node_modules/supertest/lib/test.js:152:11)

  โ— GET /api/habits/monthly โ€บ 200 when authenticated

    expected 200 "OK", got 401 "Unauthorized"

      180 |   it("200 when authenticated", async () => {
      181 |     const agent = await loginAgent();
    > 182 |     await agent.get("/api/habits/monthly").expect(200);
          |                                            ^
      183 |   });
      184 |
      185 |   it("400 VALIDATION_ERROR for malformed month param (must be YYYY-MM)", async () => {

      at Object.<anonymous> (tests/api/habits.test.ts:182:44)
      ----
      at Test._assertStatus (node_modules/.pnpm/supertest@7.2.2/node_modules/supertest/lib/test.js:309:14)
      at node_modules/.pnpm/supertest@7.2.2/node_modules/supertest/lib/test.js:365:13
      at Test._assertFunction (node_modules/.pnpm/supertest@7.2.2/node_modules/supertest/lib/test.js:342:13)
      at Test.assert (node_modules/.pnpm/supertest@7.2.2/node_modules/supertest/lib/test.js:195:23)
      at localAssert (node_modules/.pnpm/supertest@7.2.2/node_modules/supertest/lib/test.js:138:14)
      at Server.<anonymous> (node_modules/.pnpm/supertest@7.2.2/node_modules/supertest/lib/test.js:152:11)

  โ— GET /api/habits/monthly โ€บ 400 VALIDATION_ERROR for malformed month param (must be YYYY-MM)

    expected 400 "Bad Request", got 401 "Unauthorized"

      187 |     const res = await agent
      188 |       .get("/api/habits/monthly?month=2026-5")
    > 189 |       .expect(400);
          |        ^
      190 |
      191 |     expect(res.body.error.code).toBe("VALIDATION_ERROR");
      192 |   });

      at Object.<anonymous> (tests/api/habits.test.ts:189:8)
      ----
      at Test._assertStatus (node_modules/.pnpm/supertest@7.2.2/node_modules/supertest/lib/test.js:309:14)
      at node_modules/.pnpm/supertest@7.2.2/node_modules/supertest/lib/test.js:365:13
      at Test._assertFunction (node_modules/.pnpm/supertest@7.2.2/node_modules/supertest/lib/test.js:342:13)
      at Test.assert (node_modules/.pnpm/supertest@7.2.2/node_modules/supertest/lib/test.js:195:23)
      at localAssert (node_modules/.pnpm/supertest@7.2.2/node_modules/supertest/lib/test.js:138:14)
      at Server.<anonymous> (node_modules/.pnpm/supertest@7.2.2/node_modules/supertest/lib/test.js:152:11)

  โ— GET /api/habits/monthly-summary โ€บ 200 with goals and results fields when authenticated

    expected 200 "OK", got 401 "Unauthorized"

      205 |   it("200 with goals and results fields when authenticated", async () => {
      206 |     const agent = await loginAgent();
    > 207 |     const res = await agent.get("/api/habits/monthly-summary").expect(200);
          |                                                                ^
      208 |
      209 |     expect(res.body.goals).toBeDefined();
      210 |     expect(res.body.results).toBeDefined();

      at Object.<anonymous> (tests/api/habits.test.ts:207:64)
      ----
      at Test._assertStatus (node_modules/.pnpm/supertest@7.2.2/node_modules/supertest/lib/test.js:309:14)
      at node_modules/.pnpm/supertest@7.2.2/node_modules/supertest/lib/test.js:365:13
      at Test._assertFunction (node_modules/.pnpm/supertest@7.2.2/node_modules/supertest/lib/test.js:342:13)
      at Test.assert (node_modules/.pnpm/supertest@7.2.2/node_modules/supertest/lib/test.js:195:23)
      at localAssert (node_modules/.pnpm/supertest@7.2.2/node_modules/supertest/lib/test.js:138:14)
      at Server.<anonymous> (node_modules/.pnpm/supertest@7.2.2/node_modules/supertest/lib/test.js:152:11)

  โ— GET /api/habits/activities โ€บ 200 + empty array for new user

    expected 200 "OK", got 401 "Unauthorized"

      224 |   it("200 + empty array for new user", async () => {
      225 |     const agent = await loginAgent();
    > 226 |     const res = await agent.get("/api/habits/activities").expect(200);
          |                                                           ^
      227 |
      228 |     expect(Array.isArray(res.body.activities)).toBe(true);
      229 |     expect(res.body.activities).toHaveLength(0);

      at Object.<anonymous> (tests/api/habits.test.ts:226:59)
      ----
      at Test._assertStatus (node_modules/.pnpm/supertest@7.2.2/node_modules/supertest/lib/test.js:309:14)
      at node_modules/.pnpm/supertest@7.2.2/node_modules/supertest/lib/test.js:365:13
      at Test._assertFunction (node_modules/.pnpm/supertest@7.2.2/node_modules/supertest/lib/test.js:342:13)
      at Test.assert (node_modules/.pnpm/supertest@7.2.2/node_modules/supertest/lib/test.js:195:23)
      at localAssert (node_modules/.pnpm/supertest@7.2.2/node_modules/supertest/lib/test.js:138:14)
      at Server.<anonymous> (node_modules/.pnpm/supertest@7.2.2/node_modules/supertest/lib/test.js:152:11)

  โ— POST /api/habits/activities โ€บ 201 + activity on valid medicine input

    expected 201 "Created", got 401 "Unauthorized"

      250 |       .post("/api/habits/activities")
      251 |       .send(MED_ACTIVITY)
    > 252 |       .expect(201);
          |        ^
      253 |
      254 |     expect(res.body.activity).toMatchObject({
      255 |       id: expect.any(String),

      at Object.<anonymous> (tests/api/habits.test.ts:252:8)
      ----
      at Test._assertStatus (node_modules/.pnpm/supertest@7.2.2/node_modules/supertest/lib/test.js:309:14)
      at node_modules/.pnpm/supertest@7.2.2/node_modules/supertest/lib/test.js:365:13
      at Test._assertFunction (node_modules/.pnpm/supertest@7.2.2/node_modules/supertest/lib/test.js:342:13)
      at Test.assert (node_modules/.pnpm/supertest@7.2.2/node_modules/supertest/lib/test.js:195:23)
      at localAssert (node_modules/.pnpm/supertest@7.2.2/node_modules/supertest/lib/test.js:138:14)
      at Server.<anonymous> (node_modules/.pnpm/supertest@7.2.2/node_modules/supertest/lib/test.js:152:11)

  โ— POST /api/habits/activities โ€บ 201 for nutrition activity

    expected 201 "Created", got 401 "Unauthorized"

      269 |         schedule: { frequency: "daily", weekdays: [0, 1, 2, 3, 4, 5, 6] },
      270 |       })
    > 271 |       .expect(201);
          |        ^
      272 |
      273 |     expect(res.body.activity.category).toBe("nutrition");
      274 |   });

      at Object.<anonymous> (tests/api/habits.test.ts:271:8)
      ----
      at Test._assertStatus (node_modules/.pnpm/supertest@7.2.2/node_modules/supertest/lib/test.js:309:14)
      at node_modules/.pnpm/supertest@7.2.2/node_modules/supertest/lib/test.js:365:13
      at Test._assertFunction (node_modules/.pnpm/supertest@7.2.2/node_modules/supertest/lib/test.js:342:13)
      at Test.assert (node_modules/.pnpm/supertest@7.2.2/node_modules/supertest/lib/test.js:195:23)
      at localAssert (node_modules/.pnpm/supertest@7.2.2/node_modules/supertest/lib/test.js:138:14)
      at Server.<anonymous> (node_modules/.pnpm/supertest@7.2.2/node_modules/supertest/lib/test.js:152:11)

  โ— POST /api/habits/activities โ€บ 201 for physical activity with physicalCategory

    expected 201 "Created", got 401 "Unauthorized"

      284 |         schedule: { frequency: "daily", weekdays: [0, 1, 2, 3, 4, 5, 6] },
      285 |       })
    > 286 |       .expect(201);
          |        ^
      287 |
      288 |     expect(res.body.activity.category).toBe("physical");
      289 |   });

      at Object.<anonymous> (tests/api/habits.test.ts:286:8)
      ----
      at Test._assertStatus (node_modules/.pnpm/supertest@7.2.2/node_modules/supertest/lib/test.js:309:14)
      at node_modules/.pnpm/supertest@7.2.2/node_modules/supertest/lib/test.js:365:13
      at Test._assertFunction (node_modules/.pnpm/supertest@7.2.2/node_modules/supertest/lib/test.js:342:13)
      at Test.assert (node_modules/.pnpm/supertest@7.2.2/node_modules/supertest/lib/test.js:195:23)
      at localAssert (node_modules/.pnpm/supertest@7.2.2/node_modules/supertest/lib/test.js:138:14)
      at Server.<anonymous> (node_modules/.pnpm/supertest@7.2.2/node_modules/supertest/lib/test.js:152:11)

  โ— POST /api/habits/activities โ€บ 409 ACTIVITY_NAME_TAKEN on duplicate activity name (spec DS-3)

    expected 201 "Created", got 401 "Unauthorized"

      293 |
      294 |     // Create first activity
    > 295 |     await agent.post("/api/habits/activities").send(MED_ACTIVITY).expect(201);
          |                                                                   ^
      296 |
      297 |     // Duplicate name
      298 |     const res = await agent

      at Object.<anonymous> (tests/api/habits.test.ts:295:67)
      ----
      at Test._assertStatus (node_modules/.pnpm/supertest@7.2.2/node_modules/supertest/lib/test.js:309:14)
      at node_modules/.pnpm/supertest@7.2.2/node_modules/supertest/lib/test.js:365:13
      at Test._assertFunction (node_modules/.pnpm/supertest@7.2.2/node_modules/supertest/lib/test.js:342:13)
      at Test.assert (node_modules/.pnpm/supertest@7.2.2/node_modules/supertest/lib/test.js:195:23)
      at localAssert (node_modules/.pnpm/supertest@7.2.2/node_modules/supertest/lib/test.js:138:14)
      at Server.<anonymous> (node_modules/.pnpm/supertest@7.2.2/node_modules/supertest/lib/test.js:152:11)

  โ— POST /api/habits/activities โ€บ 409 ACTIVITY_NAME_TAKEN is case-insensitive

    expected 201 "Created", got 401 "Unauthorized"

      310 |       .post("/api/habits/activities")
      311 |       .send({ ...MED_ACTIVITY, name: "เธเธดเธเธขเธฒ ABC" })
    > 312 |       .expect(201);
          |        ^
      313 |
      314 |     const res = await agent
      315 |       .post("/api/habits/activities")

      at Object.<anonymous> (tests/api/habits.test.ts:312:8)
      ----
      at Test._assertStatus (node_modules/.pnpm/supertest@7.2.2/node_modules/supertest/lib/test.js:309:14)
      at node_modules/.pnpm/supertest@7.2.2/node_modules/supertest/lib/test.js:365:13
      at Test._assertFunction (node_modules/.pnpm/supertest@7.2.2/node_modules/supertest/lib/test.js:342:13)
      at Test.assert (node_modules/.pnpm/supertest@7.2.2/node_modules/supertest/lib/test.js:195:23)
      at localAssert (node_modules/.pnpm/supertest@7.2.2/node_modules/supertest/lib/test.js:138:14)
      at Server.<anonymous> (node_modules/.pnpm/supertest@7.2.2/node_modules/supertest/lib/test.js:152:11)

  โ— POST /api/habits/activities โ€บ 400 VALIDATION_ERROR when name is empty

    expected 400 "Bad Request", got 401 "Unauthorized"

      325 |       .post("/api/habits/activities")
      326 |       .send({ ...MED_ACTIVITY, name: "" })
    > 327 |       .expect(400);
          |        ^
      328 |
      329 |     expect(res.body.error.code).toBe("VALIDATION_ERROR");
      330 |   });

      at Object.<anonymous> (tests/api/habits.test.ts:327:8)
      ----
      at Test._assertStatus (node_modules/.pnpm/supertest@7.2.2/node_modules/supertest/lib/test.js:309:14)
      at node_modules/.pnpm/supertest@7.2.2/node_modules/supertest/lib/test.js:365:13
      at Test._assertFunction (node_modules/.pnpm/supertest@7.2.2/node_modules/supertest/lib/test.js:342:13)
      at Test.assert (node_modules/.pnpm/supertest@7.2.2/node_modules/supertest/lib/test.js:195:23)
      at localAssert (node_modules/.pnpm/supertest@7.2.2/node_modules/supertest/lib/test.js:138:14)
      at Server.<anonymous> (node_modules/.pnpm/supertest@7.2.2/node_modules/supertest/lib/test.js:152:11)

  โ— POST /api/habits/activities โ€บ 400 VALIDATION_ERROR for invalid category

    expected 400 "Bad Request", got 401 "Unauthorized"

      335 |       .post("/api/habits/activities")
      336 |       .send({ ...MED_ACTIVITY, category: "sleep" })
    > 337 |       .expect(400);
          |        ^
      338 |
      339 |     expect(res.body.error.code).toBe("VALIDATION_ERROR");
      340 |   });

      at Object.<anonymous> (tests/api/habits.test.ts:337:8)
      ----
      at Test._assertStatus (node_modules/.pnpm/supertest@7.2.2/node_modules/supertest/lib/test.js:309:14)
      at node_modules/.pnpm/supertest@7.2.2/node_modules/supertest/lib/test.js:365:13
      at Test._assertFunction (node_modules/.pnpm/supertest@7.2.2/node_modules/supertest/lib/test.js:342:13)
      at Test.assert (node_modules/.pnpm/supertest@7.2.2/node_modules/supertest/lib/test.js:195:23)
      at localAssert (node_modules/.pnpm/supertest@7.2.2/node_modules/supertest/lib/test.js:138:14)
      at Server.<anonymous> (node_modules/.pnpm/supertest@7.2.2/node_modules/supertest/lib/test.js:152:11)

  โ— POST /api/habits/activities โ€บ 400 VALIDATION_ERROR when schedule is missing

    expected 400 "Bad Request", got 401 "Unauthorized"

      346 |       .post("/api/habits/activities")
      347 |       .send(noSchedule)
    > 348 |       .expect(400);
          |        ^
      349 |
      350 |     expect(res.body.error.code).toBe("VALIDATION_ERROR");
      351 |   });

      at Object.<anonymous> (tests/api/habits.test.ts:348:8)
      ----
      at Test._assertStatus (node_modules/.pnpm/supertest@7.2.2/node_modules/supertest/lib/test.js:309:14)
      at node_modules/.pnpm/supertest@7.2.2/node_modules/supertest/lib/test.js:365:13
      at Test._assertFunction (node_modules/.pnpm/supertest@7.2.2/node_modules/supertest/lib/test.js:342:13)
      at Test.assert (node_modules/.pnpm/supertest@7.2.2/node_modules/supertest/lib/test.js:195:23)
      at localAssert (node_modules/.pnpm/supertest@7.2.2/node_modules/supertest/lib/test.js:138:14)
      at Server.<anonymous> (node_modules/.pnpm/supertest@7.2.2/node_modules/supertest/lib/test.js:152:11)

  โ— POST /api/habits/activities โ€บ different users can have activities with the same name

    expected 201 "Created", got 401 "Unauthorized"

      361 |       .expect(201);
      362 |
    > 363 |     await agent1.post("/api/habits/activities").send(MED_ACTIVITY).expect(201);
          |                                                                    ^
      364 |     // Second user creates same-named activity โ€” should succeed
      365 |     await agent2.post("/api/habits/activities").send(MED_ACTIVITY).expect(201);
      366 |   });

      at Object.<anonymous> (tests/api/habits.test.ts:363:68)
      ----
      at Test._assertStatus (node_modules/.pnpm/supertest@7.2.2/node_modules/supertest/lib/test.js:309:14)
      at node_modules/.pnpm/supertest@7.2.2/node_modules/supertest/lib/test.js:365:13
      at Test._assertFunction (node_modules/.pnpm/supertest@7.2.2/node_modules/supertest/lib/test.js:342:13)
      at Test.assert (node_modules/.pnpm/supertest@7.2.2/node_modules/supertest/lib/test.js:195:23)
      at localAssert (node_modules/.pnpm/supertest@7.2.2/node_modules/supertest/lib/test.js:138:14)
      at Server.<anonymous> (node_modules/.pnpm/supertest@7.2.2/node_modules/supertest/lib/test.js:152:11)

  โ— PATCH /api/habits/occurrences/:id โ€บ 400 VALIDATION_ERROR for invalid status value

    expected 400 "Bad Request", got 401 "Unauthorized"

      386 |       .patch("/api/habits/occurrences/occ-1")
      387 |       .send({ status: "invalid" })
    > 388 |       .expect(400);
          |        ^
      389 |
      390 |     expect(res.body.error.code).toBe("VALIDATION_ERROR");
      391 |   });

      at Object.<anonymous> (tests/api/habits.test.ts:388:8)
      ----
      at Test._assertStatus (node_modules/.pnpm/supertest@7.2.2/node_modules/supertest/lib/test.js:309:14)
      at node_modules/.pnpm/supertest@7.2.2/node_modules/supertest/lib/test.js:365:13
      at Test._assertFunction (node_modules/.pnpm/supertest@7.2.2/node_modules/supertest/lib/test.js:342:13)
      at Test.assert (node_modules/.pnpm/supertest@7.2.2/node_modules/supertest/lib/test.js:195:23)
      at localAssert (node_modules/.pnpm/supertest@7.2.2/node_modules/supertest/lib/test.js:138:14)
      at Server.<anonymous> (node_modules/.pnpm/supertest@7.2.2/node_modules/supertest/lib/test.js:152:11)

  โ— DELETE /api/habits/activities/:id โ€บ 200 { ok: true } on successful archive

    expected 201 "Created", got 401 "Unauthorized"

      411 |       .post("/api/habits/activities")
      412 |       .send(MED_ACTIVITY)
    > 413 |       .expect(201);
          |        ^
      414 |
      415 |     const actId = createRes.body.activity.id;
      416 |     const res = await agent.delete(`/api/habits/activities/${actId}`).expect(200);

      at Object.<anonymous> (tests/api/habits.test.ts:413:8)
      ----
      at Test._assertStatus (node_modules/.pnpm/supertest@7.2.2/node_modules/supertest/lib/test.js:309:14)
      at node_modules/.pnpm/supertest@7.2.2/node_modules/supertest/lib/test.js:365:13
      at Test._assertFunction (node_modules/.pnpm/supertest@7.2.2/node_modules/supertest/lib/test.js:342:13)
      at Test.assert (node_modules/.pnpm/supertest@7.2.2/node_modules/supertest/lib/test.js:195:23)
      at localAssert (node_modules/.pnpm/supertest@7.2.2/node_modules/supertest/lib/test.js:138:14)
      at Server.<anonymous> (node_modules/.pnpm/supertest@7.2.2/node_modules/supertest/lib/test.js:152:11)

  โ— DELETE /api/habits/activities/:id โ€บ archived activity no longer appears in GET /activities

    expected 201 "Created", got 401 "Unauthorized"

      424 |       .post("/api/habits/activities")
      425 |       .send(MED_ACTIVITY)
    > 426 |       .expect(201);
          |        ^
      427 |
      428 |     const actId = createRes.body.activity.id;
      429 |     await agent.delete(`/api/habits/activities/${actId}`).expect(200);

      at Object.<anonymous> (tests/api/habits.test.ts:426:8)
      ----
      at Test._assertStatus (node_modules/.pnpm/supertest@7.2.2/node_modules/supertest/lib/test.js:309:14)
      at node_modules/.pnpm/supertest@7.2.2/node_modules/supertest/lib/test.js:365:13
      at Test._assertFunction (node_modules/.pnpm/supertest@7.2.2/node_modules/supertest/lib/test.js:342:13)
      at Test.assert (node_modules/.pnpm/supertest@7.2.2/node_modules/supertest/lib/test.js:195:23)
      at localAssert (node_modules/.pnpm/supertest@7.2.2/node_modules/supertest/lib/test.js:138:14)
      at Server.<anonymous> (node_modules/.pnpm/supertest@7.2.2/node_modules/supertest/lib/test.js:152:11)

FAIL tests/api/auth.test.ts
  โ— POST /api/auth/register โ€บ sets session cookie on successful register

    expect(received).toBeDefined()

    Received: undefined

      64 |
      65 |     const cookies = res.headers["set-cookie"] as unknown as string[] | undefined;
    > 66 |     expect(cookies).toBeDefined();
         |                     ^
      67 |     expect(cookies!.join(";")).toMatch(/connect\.sid/);
      68 |   });
      69 |

      at Object.<anonymous> (tests/api/auth.test.ts:66:21)

  โ— POST /api/auth/login โ€บ sets session cookie on successful login

    expect(received).toBeDefined()

    Received: undefined

      167 |
      168 |     const cookies = res.headers["set-cookie"] as unknown as string[] | undefined;
    > 169 |     expect(cookies).toBeDefined();
          |                     ^
      170 |     expect(cookies!.join(";")).toMatch(/connect\.sid/);
      171 |   });
      172 |

      at Object.<anonymous> (tests/api/auth.test.ts:169:21)

  โ— GET /api/auth/me โ€บ 200 + user profile when session is active (authenticated probe)

    expected 200 "OK", got 401 "Unauthorized"

      254 |     await agent.post("/api/auth/register").send(VALID_REGISTER).expect(201);
      255 |
    > 256 |     const res = await agent.get("/api/auth/me").expect(200);
          |                                                 ^
      257 |     expect(res.body.user).toMatchObject({
      258 |       id: expect.any(String),
      259 |       tel: "0812345678",

      at Object.<anonymous> (tests/api/auth.test.ts:256:49)
      ----
      at Test._assertStatus (node_modules/.pnpm/supertest@7.2.2/node_modules/supertest/lib/test.js:309:14)
      at node_modules/.pnpm/supertest@7.2.2/node_modules/supertest/lib/test.js:365:13
      at Test._assertFunction (node_modules/.pnpm/supertest@7.2.2/node_modules/supertest/lib/test.js:342:13)
      at Test.assert (node_modules/.pnpm/supertest@7.2.2/node_modules/supertest/lib/test.js:195:23)
      at localAssert (node_modules/.pnpm/supertest@7.2.2/node_modules/supertest/lib/test.js:138:14)
      at Server.<anonymous> (node_modules/.pnpm/supertest@7.2.2/node_modules/supertest/lib/test.js:152:11)

  โ— GET /api/auth/me โ€บ session persists across multiple requests (already-authenticated state)

    expected 200 "OK", got 401 "Unauthorized"

      267 |
      268 |     // Multiple consecutive probes all succeed
    > 269 |     await agent.get("/api/auth/me").expect(200);
          |                                     ^
      270 |     await agent.get("/api/auth/me").expect(200);
      271 |     await agent.get("/api/auth/me").expect(200);
      272 |   });

      at Object.<anonymous> (tests/api/auth.test.ts:269:37)
      ----
      at Test._assertStatus (node_modules/.pnpm/supertest@7.2.2/node_modules/supertest/lib/test.js:309:14)
      at node_modules/.pnpm/supertest@7.2.2/node_modules/supertest/lib/test.js:365:13
      at Test._assertFunction (node_modules/.pnpm/supertest@7.2.2/node_modules/supertest/lib/test.js:342:13)
      at Test.assert (node_modules/.pnpm/supertest@7.2.2/node_modules/supertest/lib/test.js:195:23)
      at localAssert (node_modules/.pnpm/supertest@7.2.2/node_modules/supertest/lib/test.js:138:14)
      at Server.<anonymous> (node_modules/.pnpm/supertest@7.2.2/node_modules/supertest/lib/test.js:152:11)

FAIL tests/api/minigame.test.ts
  โ— GET /api/minigame/quiz โ€บ 200 + quiz object when authenticated

    expected 200 "OK", got 401 "Unauthorized"

      82 |   it("200 + quiz object when authenticated", async () => {
      83 |     const agent = await loginAgent();
    > 84 |     const res = await agent.get("/api/minigame/quiz").expect(200);
         |                                                       ^
      85 |
      86 |     expect(res.body.id).toBeDefined();
      87 |     expect(res.body.title).toBeDefined();

      at Object.<anonymous> (tests/api/minigame.test.ts:84:55)
      ----
      at Test._assertStatus (node_modules/.pnpm/supertest@7.2.2/node_modules/supertest/lib/test.js:309:14)
      at node_modules/.pnpm/supertest@7.2.2/node_modules/supertest/lib/test.js:365:13
      at Test._assertFunction (node_modules/.pnpm/supertest@7.2.2/node_modules/supertest/lib/test.js:342:13)
      at Test.assert (node_modules/.pnpm/supertest@7.2.2/node_modules/supertest/lib/test.js:195:23)
      at localAssert (node_modules/.pnpm/supertest@7.2.2/node_modules/supertest/lib/test.js:138:14)
      at Server.<anonymous> (node_modules/.pnpm/supertest@7.2.2/node_modules/supertest/lib/test.js:152:11)

  โ— GET /api/minigame/quiz โ€บ quiz has exactly 13 questions (spec canonical quiz)

    expected 200 "OK", got 401 "Unauthorized"

      91 |   it("quiz has exactly 13 questions (spec canonical quiz)", async () => {
      92 |     const agent = await loginAgent();
    > 93 |     const res = await agent.get("/api/minigame/quiz").expect(200);
         |                                                       ^
      94 |
      95 |     expect(res.body.questions).toHaveLength(13);
      96 |   });

      at Object.<anonymous> (tests/api/minigame.test.ts:93:55)
      ----
      at Test._assertStatus (node_modules/.pnpm/supertest@7.2.2/node_modules/supertest/lib/test.js:309:14)
      at node_modules/.pnpm/supertest@7.2.2/node_modules/supertest/lib/test.js:365:13
      at Test._assertFunction (node_modules/.pnpm/supertest@7.2.2/node_modules/supertest/lib/test.js:342:13)
      at Test.assert (node_modules/.pnpm/supertest@7.2.2/node_modules/supertest/lib/test.js:195:23)
      at localAssert (node_modules/.pnpm/supertest@7.2.2/node_modules/supertest/lib/test.js:138:14)
      at Server.<anonymous> (node_modules/.pnpm/supertest@7.2.2/node_modules/supertest/lib/test.js:152:11)

  โ— GET /api/minigame/quiz โ€บ each question has required fields

    expected 200 "OK", got 401 "Unauthorized"

       98 |   it("each question has required fields", async () => {
       99 |     const agent = await loginAgent();
    > 100 |     const res = await agent.get("/api/minigame/quiz").expect(200);
          |                                                       ^
      101 |
      102 |     res.body.questions.forEach((q: Record<string, unknown>) => {
      103 |       expect(typeof q.id).toBe("string");

      at Object.<anonymous> (tests/api/minigame.test.ts:100:55)
      ----
      at Test._assertStatus (node_modules/.pnpm/supertest@7.2.2/node_modules/supertest/lib/test.js:309:14)
      at node_modules/.pnpm/supertest@7.2.2/node_modules/supertest/lib/test.js:365:13
      at Test._assertFunction (node_modules/.pnpm/supertest@7.2.2/node_modules/supertest/lib/test.js:342:13)
      at Test.assert (node_modules/.pnpm/supertest@7.2.2/node_modules/supertest/lib/test.js:195:23)
      at localAssert (node_modules/.pnpm/supertest@7.2.2/node_modules/supertest/lib/test.js:138:14)
      at Server.<anonymous> (node_modules/.pnpm/supertest@7.2.2/node_modules/supertest/lib/test.js:152:11)

  โ— GET /api/minigame/quiz โ€บ each option has letter and text

    expected 200 "OK", got 401 "Unauthorized"

      112 |   it("each option has letter and text", async () => {
      113 |     const agent = await loginAgent();
    > 114 |     const res = await agent.get("/api/minigame/quiz").expect(200);
          |                                                       ^
      115 |
      116 |     const q = res.body.questions[0];
      117 |     (q.options as { letter: string; text: string }[]).forEach((opt) => {

      at Object.<anonymous> (tests/api/minigame.test.ts:114:55)
      ----
      at Test._assertStatus (node_modules/.pnpm/supertest@7.2.2/node_modules/supertest/lib/test.js:309:14)
      at node_modules/.pnpm/supertest@7.2.2/node_modules/supertest/lib/test.js:365:13
      at Test._assertFunction (node_modules/.pnpm/supertest@7.2.2/node_modules/supertest/lib/test.js:342:13)
      at Test.assert (node_modules/.pnpm/supertest@7.2.2/node_modules/supertest/lib/test.js:195:23)
      at localAssert (node_modules/.pnpm/supertest@7.2.2/node_modules/supertest/lib/test.js:138:14)
      at Server.<anonymous> (node_modules/.pnpm/supertest@7.2.2/node_modules/supertest/lib/test.js:152:11)

  โ— GET /api/minigame/quiz โ€บ questions are in ascending number order

    expected 200 "OK", got 401 "Unauthorized"

      124 |   it("questions are in ascending number order", async () => {
      125 |     const agent = await loginAgent();
    > 126 |     const res = await agent.get("/api/minigame/quiz").expect(200);
          |                                                       ^
      127 |
      128 |     const numbers = res.body.questions.map((q: { number: number }) => q.number) as number[];
      129 |     for (let i = 1; i < numbers.length; i++) {

      at Object.<anonymous> (tests/api/minigame.test.ts:126:55)
      ----
      at Test._assertStatus (node_modules/.pnpm/supertest@7.2.2/node_modules/supertest/lib/test.js:309:14)
      at node_modules/.pnpm/supertest@7.2.2/node_modules/supertest/lib/test.js:365:13
      at Test._assertFunction (node_modules/.pnpm/supertest@7.2.2/node_modules/supertest/lib/test.js:342:13)
      at Test.assert (node_modules/.pnpm/supertest@7.2.2/node_modules/supertest/lib/test.js:195:23)
      at localAssert (node_modules/.pnpm/supertest@7.2.2/node_modules/supertest/lib/test.js:138:14)
      at Server.<anonymous> (node_modules/.pnpm/supertest@7.2.2/node_modules/supertest/lib/test.js:152:11)

  โ— GET /api/minigame/quiz โ€บ quiz has Thai title text

    expected 200 "OK", got 401 "Unauthorized"

      134 |   it("quiz has Thai title text", async () => {
      135 |     const agent = await loginAgent();
    > 136 |     const res = await agent.get("/api/minigame/quiz").expect(200);
          |                                                       ^
      137 |
      138 |     // Title should contain Thai characters
      139 |     expect(res.body.title).toMatch(/[\u0E00-\u0E7F]/);

      at Object.<anonymous> (tests/api/minigame.test.ts:136:55)
      ----
      at Test._assertStatus (node_modules/.pnpm/supertest@7.2.2/node_modules/supertest/lib/test.js:309:14)
      at node_modules/.pnpm/supertest@7.2.2/node_modules/supertest/lib/test.js:365:13
      at Test._assertFunction (node_modules/.pnpm/supertest@7.2.2/node_modules/supertest/lib/test.js:342:13)
      at Test.assert (node_modules/.pnpm/supertest@7.2.2/node_modules/supertest/lib/test.js:195:23)
      at localAssert (node_modules/.pnpm/supertest@7.2.2/node_modules/supertest/lib/test.js:138:14)
      at Server.<anonymous> (node_modules/.pnpm/supertest@7.2.2/node_modules/supertest/lib/test.js:152:11)

  โ— POST /api/minigame/quiz/attempts โ€บ 200 + QuizScore when authenticated with all-correct answers

    expected 200 "OK", got 401 "Unauthorized"

      160 |       .post("/api/minigame/quiz/attempts")
      161 |       .send({ quizId: "quiz-v1", answers: ALL_CORRECT_ANSWERS })
    > 162 |       .expect(200);
          |        ^
      163 |
      164 |     expect(res.body.score).toMatchObject({
      165 |       quizId: "quiz-v1",

      at Object.<anonymous> (tests/api/minigame.test.ts:162:8)
      ----
      at Test._assertStatus (node_modules/.pnpm/supertest@7.2.2/node_modules/supertest/lib/test.js:309:14)
      at node_modules/.pnpm/supertest@7.2.2/node_modules/supertest/lib/test.js:365:13
      at Test._assertFunction (node_modules/.pnpm/supertest@7.2.2/node_modules/supertest/lib/test.js:342:13)
      at Test.assert (node_modules/.pnpm/supertest@7.2.2/node_modules/supertest/lib/test.js:195:23)
      at localAssert (node_modules/.pnpm/supertest@7.2.2/node_modules/supertest/lib/test.js:138:14)
      at Server.<anonymous> (node_modules/.pnpm/supertest@7.2.2/node_modules/supertest/lib/test.js:152:11)

  โ— POST /api/minigame/quiz/attempts โ€บ scoring: correctCount * 7 = points (spec: 7pts per correct answer)

    expected 200 "OK", got 401 "Unauthorized"

      178 |       .post("/api/minigame/quiz/attempts")
      179 |       .send({ quizId: "quiz-v1", answers: ALL_CORRECT_ANSWERS })
    > 180 |       .expect(200);
          |        ^
      181 |
      182 |     expect(res1.body.score.points).toBe(91);
      183 |

      at Object.<anonymous> (tests/api/minigame.test.ts:180:8)
      ----
      at Test._assertStatus (node_modules/.pnpm/supertest@7.2.2/node_modules/supertest/lib/test.js:309:14)
      at node_modules/.pnpm/supertest@7.2.2/node_modules/supertest/lib/test.js:365:13
      at Test._assertFunction (node_modules/.pnpm/supertest@7.2.2/node_modules/supertest/lib/test.js:342:13)
      at Test.assert (node_modules/.pnpm/supertest@7.2.2/node_modules/supertest/lib/test.js:195:23)
      at localAssert (node_modules/.pnpm/supertest@7.2.2/node_modules/supertest/lib/test.js:138:14)
      at Server.<anonymous> (node_modules/.pnpm/supertest@7.2.2/node_modules/supertest/lib/test.js:152:11)

  โ— POST /api/minigame/quiz/attempts โ€บ partial score: answering 7 correctly = 49 points

    expected 200 "OK", got 401 "Unauthorized"

      200 |       .post("/api/minigame/quiz/attempts")
      201 |       .send({ quizId: "quiz-v1", answers: partial })
    > 202 |       .expect(200);
          |        ^
      203 |
      204 |     expect(res.body.score.correctCount).toBe(7);
      205 |     expect(res.body.score.points).toBe(49); // 7 * 7

      at Object.<anonymous> (tests/api/minigame.test.ts:202:8)
      ----
      at Test._assertStatus (node_modules/.pnpm/supertest@7.2.2/node_modules/supertest/lib/test.js:309:14)
      at node_modules/.pnpm/supertest@7.2.2/node_modules/supertest/lib/test.js:365:13
      at Test._assertFunction (node_modules/.pnpm/supertest@7.2.2/node_modules/supertest/lib/test.js:342:13)
      at Test.assert (node_modules/.pnpm/supertest@7.2.2/node_modules/supertest/lib/test.js:195:23)
      at localAssert (node_modules/.pnpm/supertest@7.2.2/node_modules/supertest/lib/test.js:138:14)
      at Server.<anonymous> (node_modules/.pnpm/supertest@7.2.2/node_modules/supertest/lib/test.js:152:11)

  โ— POST /api/minigame/quiz/attempts โ€บ all wrong: 0 points, 0 correctCount, 13 wrongCount

    expected 200 "OK", got 401 "Unauthorized"

      213 |       .post("/api/minigame/quiz/attempts")
      214 |       .send({ quizId: "quiz-v1", answers: ALL_WRONG_ANSWERS })
    > 215 |       .expect(200);
          |        ^
      216 |
      217 |     expect(res.body.score).toMatchObject({
      218 |       correctCount: 0,

      at Object.<anonymous> (tests/api/minigame.test.ts:215:8)
      ----
      at Test._assertStatus (node_modules/.pnpm/supertest@7.2.2/node_modules/supertest/lib/test.js:309:14)
      at node_modules/.pnpm/supertest@7.2.2/node_modules/supertest/lib/test.js:365:13
      at Test._assertFunction (node_modules/.pnpm/supertest@7.2.2/node_modules/supertest/lib/test.js:342:13)
      at Test.assert (node_modules/.pnpm/supertest@7.2.2/node_modules/supertest/lib/test.js:195:23)
      at localAssert (node_modules/.pnpm/supertest@7.2.2/node_modules/supertest/lib/test.js:138:14)
      at Server.<anonymous> (node_modules/.pnpm/supertest@7.2.2/node_modules/supertest/lib/test.js:152:11)

  โ— POST /api/minigame/quiz/attempts โ€บ 400 VALIDATION_ERROR when quizId is missing

    expected 400 "Bad Request", got 401 "Unauthorized"

      228 |       .post("/api/minigame/quiz/attempts")
      229 |       .send({ answers: ALL_CORRECT_ANSWERS })
    > 230 |       .expect(400);
          |        ^
      231 |
      232 |     expect(res.body.error.code).toBe("VALIDATION_ERROR");
      233 |   });

      at Object.<anonymous> (tests/api/minigame.test.ts:230:8)
      ----
      at Test._assertStatus (node_modules/.pnpm/supertest@7.2.2/node_modules/supertest/lib/test.js:309:14)
      at node_modules/.pnpm/supertest@7.2.2/node_modules/supertest/lib/test.js:365:13
      at Test._assertFunction (node_modules/.pnpm/supertest@7.2.2/node_modules/supertest/lib/test.js:342:13)
      at Test.assert (node_modules/.pnpm/supertest@7.2.2/node_modules/supertest/lib/test.js:195:23)
      at localAssert (node_modules/.pnpm/supertest@7.2.2/node_modules/supertest/lib/test.js:138:14)
      at Server.<anonymous> (node_modules/.pnpm/supertest@7.2.2/node_modules/supertest/lib/test.js:152:11)

  โ— POST /api/minigame/quiz/attempts โ€บ 400 VALIDATION_ERROR when answers is not an object

    expected 400 "Bad Request", got 401 "Unauthorized"

      238 |       .post("/api/minigame/quiz/attempts")
      239 |       .send({ quizId: "quiz-v1", answers: "not-an-object" })
    > 240 |       .expect(400);
          |        ^
      241 |
      242 |     expect(res.body.error.code).toBe("VALIDATION_ERROR");
      243 |   });

      at Object.<anonymous> (tests/api/minigame.test.ts:240:8)
      ----
      at Test._assertStatus (node_modules/.pnpm/supertest@7.2.2/node_modules/supertest/lib/test.js:309:14)
      at node_modules/.pnpm/supertest@7.2.2/node_modules/supertest/lib/test.js:365:13
      at Test._assertFunction (node_modules/.pnpm/supertest@7.2.2/node_modules/supertest/lib/test.js:342:13)
      at Test.assert (node_modules/.pnpm/supertest@7.2.2/node_modules/supertest/lib/test.js:195:23)
      at localAssert (node_modules/.pnpm/supertest@7.2.2/node_modules/supertest/lib/test.js:138:14)
      at Server.<anonymous> (node_modules/.pnpm/supertest@7.2.2/node_modules/supertest/lib/test.js:152:11)

  โ— POST /api/minigame/quiz/attempts โ€บ 400 VALIDATION_ERROR when a selected value is invalid (not A/B/C/D)

    expected 400 "Bad Request", got 401 "Unauthorized"

      259 |       .post("/api/minigame/quiz/attempts")
      260 |       .send({ quizId: "quiz-v1", answers: badAnswers })
    > 261 |       .expect(400);
          |        ^
      262 |
      263 |     expect(res.body.error.code).toBe("VALIDATION_ERROR");
      264 |   });

      at Object.<anonymous> (tests/api/minigame.test.ts:261:8)
      ----
      at Test._assertStatus (node_modules/.pnpm/supertest@7.2.2/node_modules/supertest/lib/test.js:309:14)
      at node_modules/.pnpm/supertest@7.2.2/node_modules/supertest/lib/test.js:365:13
      at Test._assertFunction (node_modules/.pnpm/supertest@7.2.2/node_modules/supertest/lib/test.js:342:13)
      at Test.assert (node_modules/.pnpm/supertest@7.2.2/node_modules/supertest/lib/test.js:195:23)
      at localAssert (node_modules/.pnpm/supertest@7.2.2/node_modules/supertest/lib/test.js:138:14)
      at Server.<anonymous> (node_modules/.pnpm/supertest@7.2.2/node_modules/supertest/lib/test.js:152:11)

  โ— POST /api/minigame/quiz/submit (alias) โ€บ 200 + QuizScore via alias endpoint

    expected 200 "OK", got 401 "Unauthorized"

      275 |       .post("/api/minigame/quiz/submit")
      276 |       .send({ quizId: "quiz-v1", answers: ALL_CORRECT_ANSWERS })
    > 277 |       .expect(200);
          |        ^
      278 |
      279 |     expect(res.body.score.points).toBe(91);
      280 |   });

      at Object.<anonymous> (tests/api/minigame.test.ts:277:8)
      ----
      at Test._assertStatus (node_modules/.pnpm/supertest@7.2.2/node_modules/supertest/lib/test.js:309:14)
      at node_modules/.pnpm/supertest@7.2.2/node_modules/supertest/lib/test.js:365:13
      at Test._assertFunction (node_modules/.pnpm/supertest@7.2.2/node_modules/supertest/lib/test.js:342:13)
      at Test.assert (node_modules/.pnpm/supertest@7.2.2/node_modules/supertest/lib/test.js:195:23)
      at localAssert (node_modules/.pnpm/supertest@7.2.2/node_modules/supertest/lib/test.js:138:14)
      at Server.<anonymous> (node_modules/.pnpm/supertest@7.2.2/node_modules/supertest/lib/test.js:152:11)

FAIL tests/api/chapters.test.ts
  โ— GET /api/chapters โ€บ 200 + chapters array when authenticated

    expected 200 "OK", got 401 "Unauthorized"

      50 |   it("200 + chapters array when authenticated", async () => {
      51 |     const agent = await loginAgent();
    > 52 |     const res = await agent.get("/api/chapters").expect(200);
         |                                                  ^
      53 |
      54 |     expect(Array.isArray(res.body.chapters)).toBe(true);
      55 |     expect(res.body.chapters.length).toBeGreaterThan(0);

      at Object.<anonymous> (tests/api/chapters.test.ts:52:50)
      ----
      at Test._assertStatus (node_modules/.pnpm/supertest@7.2.2/node_modules/supertest/lib/test.js:309:14)
      at node_modules/.pnpm/supertest@7.2.2/node_modules/supertest/lib/test.js:365:13
      at Test._assertFunction (node_modules/.pnpm/supertest@7.2.2/node_modules/supertest/lib/test.js:342:13)
      at Test.assert (node_modules/.pnpm/supertest@7.2.2/node_modules/supertest/lib/test.js:195:23)
      at localAssert (node_modules/.pnpm/supertest@7.2.2/node_modules/supertest/lib/test.js:138:14)
      at Server.<anonymous> (node_modules/.pnpm/supertest@7.2.2/node_modules/supertest/lib/test.js:152:11)

  โ— GET /api/chapters โ€บ chapter 1 is unlocked in fresh state (spec: only first chapter starts unlocked)

    expected 200 "OK", got 401 "Unauthorized"

      58 |   it("chapter 1 is unlocked in fresh state (spec: only first chapter starts unlocked)", async () => {
      59 |     const agent = await loginAgent();
    > 60 |     const res = await agent.get("/api/chapters").expect(200);
         |                                                  ^
      61 |
      62 |     const ch1 = res.body.chapters.find((c: { id: number }) => c.id === 1);
      63 |     expect(ch1).toBeDefined();

      at Object.<anonymous> (tests/api/chapters.test.ts:60:50)
      ----
      at Test._assertStatus (node_modules/.pnpm/supertest@7.2.2/node_modules/supertest/lib/test.js:309:14)
      at node_modules/.pnpm/supertest@7.2.2/node_modules/supertest/lib/test.js:365:13
      at Test._assertFunction (node_modules/.pnpm/supertest@7.2.2/node_modules/supertest/lib/test.js:342:13)
      at Test.assert (node_modules/.pnpm/supertest@7.2.2/node_modules/supertest/lib/test.js:195:23)
      at localAssert (node_modules/.pnpm/supertest@7.2.2/node_modules/supertest/lib/test.js:138:14)
      at Server.<anonymous> (node_modules/.pnpm/supertest@7.2.2/node_modules/supertest/lib/test.js:152:11)

  โ— GET /api/chapters โ€บ chapters 2+ are locked in fresh state

    expected 200 "OK", got 401 "Unauthorized"

      67 |   it("chapters 2+ are locked in fresh state", async () => {
      68 |     const agent = await loginAgent();
    > 69 |     const res = await agent.get("/api/chapters").expect(200);
         |                                                  ^
      70 |
      71 |     const locked = res.body.chapters.filter((c: { id: number }) => c.id > 1);
      72 |     locked.forEach((c: { lockState: string }) => {

      at Object.<anonymous> (tests/api/chapters.test.ts:69:50)
      ----
      at Test._assertStatus (node_modules/.pnpm/supertest@7.2.2/node_modules/supertest/lib/test.js:309:14)
      at node_modules/.pnpm/supertest@7.2.2/node_modules/supertest/lib/test.js:365:13
      at Test._assertFunction (node_modules/.pnpm/supertest@7.2.2/node_modules/supertest/lib/test.js:342:13)
      at Test.assert (node_modules/.pnpm/supertest@7.2.2/node_modules/supertest/lib/test.js:195:23)
      at localAssert (node_modules/.pnpm/supertest@7.2.2/node_modules/supertest/lib/test.js:138:14)
      at Server.<anonymous> (node_modules/.pnpm/supertest@7.2.2/node_modules/supertest/lib/test.js:152:11)

  โ— GET /api/chapters โ€บ each chapter summary has required fields

    expected 200 "OK", got 401 "Unauthorized"

      77 |   it("each chapter summary has required fields", async () => {
      78 |     const agent = await loginAgent();
    > 79 |     const res = await agent.get("/api/chapters").expect(200);
         |                                                  ^
      80 |
      81 |     res.body.chapters.forEach((c: Record<string, unknown>) => {
      82 |       expect(typeof c.id).toBe("number");

      at Object.<anonymous> (tests/api/chapters.test.ts:79:50)
      ----
      at Test._assertStatus (node_modules/.pnpm/supertest@7.2.2/node_modules/supertest/lib/test.js:309:14)
      at node_modules/.pnpm/supertest@7.2.2/node_modules/supertest/lib/test.js:365:13
      at Test._assertFunction (node_modules/.pnpm/supertest@7.2.2/node_modules/supertest/lib/test.js:342:13)
      at Test.assert (node_modules/.pnpm/supertest@7.2.2/node_modules/supertest/lib/test.js:195:23)
      at localAssert (node_modules/.pnpm/supertest@7.2.2/node_modules/supertest/lib/test.js:138:14)
      at Server.<anonymous> (node_modules/.pnpm/supertest@7.2.2/node_modules/supertest/lib/test.js:152:11)

  โ— GET /api/chapters/:id โ€บ 200 + chapter detail with 5 seeded scenes for chapter 1

    expected 200 "OK", got 401 "Unauthorized"

      100 |   it("200 + chapter detail with 5 seeded scenes for chapter 1", async () => {
      101 |     const agent = await loginAgent();
    > 102 |     const res = await agent.get("/api/chapters/1").expect(200);
          |                                                    ^
      103 |
      104 |     expect(typeof res.body.id).toBe("number");
      105 |     expect(res.body.id).toBe(1);

      at Object.<anonymous> (tests/api/chapters.test.ts:102:52)
      ----
      at Test._assertStatus (node_modules/.pnpm/supertest@7.2.2/node_modules/supertest/lib/test.js:309:14)
      at node_modules/.pnpm/supertest@7.2.2/node_modules/supertest/lib/test.js:365:13
      at Test._assertFunction (node_modules/.pnpm/supertest@7.2.2/node_modules/supertest/lib/test.js:342:13)
      at Test.assert (node_modules/.pnpm/supertest@7.2.2/node_modules/supertest/lib/test.js:195:23)
      at localAssert (node_modules/.pnpm/supertest@7.2.2/node_modules/supertest/lib/test.js:138:14)
      at Server.<anonymous> (node_modules/.pnpm/supertest@7.2.2/node_modules/supertest/lib/test.js:152:11)

  โ— GET /api/chapters/:id โ€บ each scene has required shape (spec s005 scene contract)

    expected 200 "OK", got 401 "Unauthorized"

      111 |   it("each scene has required shape (spec s005 scene contract)", async () => {
      112 |     const agent = await loginAgent();
    > 113 |     const res = await agent.get("/api/chapters/1").expect(200);
          |                                                    ^
      114 |
      115 |     res.body.scenes.forEach((scene: Record<string, unknown>) => {
      116 |       expect(typeof scene.id).toBe("string");

      at Object.<anonymous> (tests/api/chapters.test.ts:113:52)
      ----
      at Test._assertStatus (node_modules/.pnpm/supertest@7.2.2/node_modules/supertest/lib/test.js:309:14)
      at node_modules/.pnpm/supertest@7.2.2/node_modules/supertest/lib/test.js:365:13
      at Test._assertFunction (node_modules/.pnpm/supertest@7.2.2/node_modules/supertest/lib/test.js:342:13)
      at Test.assert (node_modules/.pnpm/supertest@7.2.2/node_modules/supertest/lib/test.js:195:23)
      at localAssert (node_modules/.pnpm/supertest@7.2.2/node_modules/supertest/lib/test.js:138:14)
      at Server.<anonymous> (node_modules/.pnpm/supertest@7.2.2/node_modules/supertest/lib/test.js:152:11)

  โ— GET /api/chapters/:id โ€บ 400 VALIDATION_ERROR for non-numeric chapter id

    expected 400 "Bad Request", got 401 "Unauthorized"

      123 |   it("400 VALIDATION_ERROR for non-numeric chapter id", async () => {
      124 |     const agent = await loginAgent();
    > 125 |     const res = await agent.get("/api/chapters/abc").expect(400);
          |                                                      ^
      126 |     expect(res.body.error.code).toBe("VALIDATION_ERROR");
      127 |   });
      128 |

      at Object.<anonymous> (tests/api/chapters.test.ts:125:54)
      ----
      at Test._assertStatus (node_modules/.pnpm/supertest@7.2.2/node_modules/supertest/lib/test.js:309:14)
      at node_modules/.pnpm/supertest@7.2.2/node_modules/supertest/lib/test.js:365:13
      at Test._assertFunction (node_modules/.pnpm/supertest@7.2.2/node_modules/supertest/lib/test.js:342:13)
      at Test.assert (node_modules/.pnpm/supertest@7.2.2/node_modules/supertest/lib/test.js:195:23)
      at localAssert (node_modules/.pnpm/supertest@7.2.2/node_modules/supertest/lib/test.js:138:14)
      at Server.<anonymous> (node_modules/.pnpm/supertest@7.2.2/node_modules/supertest/lib/test.js:152:11)

  โ— GET /api/chapters/:id โ€บ 404 for chapter id that does not exist

    expected 404 "Not Found", got 401 "Unauthorized"

      129 |   it("404 for chapter id that does not exist", async () => {
      130 |     const agent = await loginAgent();
    > 131 |     const res = await agent.get("/api/chapters/999").expect(404);
          |                                                      ^
      132 |     expect(res.body.error).toBeDefined();
      133 |   });
      134 | });

      at Object.<anonymous> (tests/api/chapters.test.ts:131:54)
      ----
      at Test._assertStatus (node_modules/.pnpm/supertest@7.2.2/node_modules/supertest/lib/test.js:309:14)
      at node_modules/.pnpm/supertest@7.2.2/node_modules/supertest/lib/test.js:365:13
      at Test._assertFunction (node_modules/.pnpm/supertest@7.2.2/node_modules/supertest/lib/test.js:342:13)
      at Test.assert (node_modules/.pnpm/supertest@7.2.2/node_modules/supertest/lib/test.js:195:23)
      at localAssert (node_modules/.pnpm/supertest@7.2.2/node_modules/supertest/lib/test.js:138:14)
      at Server.<anonymous> (node_modules/.pnpm/supertest@7.2.2/node_modules/supertest/lib/test.js:152:11)

  โ— POST /api/chapters/:id/progress โ€บ 200 { ok: true } on valid progress update

    expected 200 "OK", got 401 "Unauthorized"

      153 |       .post("/api/chapters/1/progress")
      154 |       .send({ progress: "in-progress" })
    > 155 |       .expect(200);
          |        ^
      156 |
      157 |     expect(res.body).toEqual({ ok: true });
      158 |   });

      at Object.<anonymous> (tests/api/chapters.test.ts:155:8)
      ----
      at Test._assertStatus (node_modules/.pnpm/supertest@7.2.2/node_modules/supertest/lib/test.js:309:14)
      at node_modules/.pnpm/supertest@7.2.2/node_modules/supertest/lib/test.js:365:13
      at Test._assertFunction (node_modules/.pnpm/supertest@7.2.2/node_modules/supertest/lib/test.js:342:13)
      at Test.assert (node_modules/.pnpm/supertest@7.2.2/node_modules/supertest/lib/test.js:195:23)
      at localAssert (node_modules/.pnpm/supertest@7.2.2/node_modules/supertest/lib/test.js:138:14)
      at Server.<anonymous> (node_modules/.pnpm/supertest@7.2.2/node_modules/supertest/lib/test.js:152:11)

  โ— POST /api/chapters/:id/progress โ€บ progress is persisted โ€” subsequent GET /chapters reflects it

    expected 200 "OK", got 401 "Unauthorized"

      164 |       .post("/api/chapters/1/progress")
      165 |       .send({ progress: "completed" })
    > 166 |       .expect(200);
          |        ^
      167 |
      168 |     const res = await agent.get("/api/chapters").expect(200);
      169 |     const ch1 = res.body.chapters.find((c: { id: number }) => c.id === 1);

      at Object.<anonymous> (tests/api/chapters.test.ts:166:8)
      ----
      at Test._assertStatus (node_modules/.pnpm/supertest@7.2.2/node_modules/supertest/lib/test.js:309:14)
      at node_modules/.pnpm/supertest@7.2.2/node_modules/supertest/lib/test.js:365:13
      at Test._assertFunction (node_modules/.pnpm/supertest@7.2.2/node_modules/supertest/lib/test.js:342:13)
      at Test.assert (node_modules/.pnpm/supertest@7.2.2/node_modules/supertest/lib/test.js:195:23)
      at localAssert (node_modules/.pnpm/supertest@7.2.2/node_modules/supertest/lib/test.js:138:14)
      at Server.<anonymous> (node_modules/.pnpm/supertest@7.2.2/node_modules/supertest/lib/test.js:152:11)

  โ— POST /api/chapters/:id/progress โ€บ 400 VALIDATION_ERROR for invalid progress value

    expected 400 "Bad Request", got 401 "Unauthorized"

      176 |       .post("/api/chapters/1/progress")
      177 |       .send({ progress: "invalid-value" })
    > 178 |       .expect(400);
          |        ^
      179 |
      180 |     expect(res.body.error.code).toBe("VALIDATION_ERROR");
      181 |   });

      at Object.<anonymous> (tests/api/chapters.test.ts:178:8)
      ----
      at Test._assertStatus (node_modules/.pnpm/supertest@7.2.2/node_modules/supertest/lib/test.js:309:14)
      at node_modules/.pnpm/supertest@7.2.2/node_modules/supertest/lib/test.js:365:13
      at Test._assertFunction (node_modules/.pnpm/supertest@7.2.2/node_modules/supertest/lib/test.js:342:13)
      at Test.assert (node_modules/.pnpm/supertest@7.2.2/node_modules/supertest/lib/test.js:195:23)
      at localAssert (node_modules/.pnpm/supertest@7.2.2/node_modules/supertest/lib/test.js:138:14)
      at Server.<anonymous> (node_modules/.pnpm/supertest@7.2.2/node_modules/supertest/lib/test.js:152:11)

  โ— POST /api/chapters/:id/progress โ€บ 400 VALIDATION_ERROR for non-numeric chapter id in progress endpoint

    expected 400 "Bad Request", got 401 "Unauthorized"

      186 |       .post("/api/chapters/abc/progress")
      187 |       .send({ progress: "completed" })
    > 188 |       .expect(400);
          |        ^
      189 |
      190 |     expect(res.body.error.code).toBe("VALIDATION_ERROR");
      191 |   });

      at Object.<anonymous> (tests/api/chapters.test.ts:188:8)
      ----
      at Test._assertStatus (node_modules/.pnpm/supertest@7.2.2/node_modules/supertest/lib/test.js:309:14)
      at node_modules/.pnpm/supertest@7.2.2/node_modules/supertest/lib/test.js:365:13
      at Test._assertFunction (node_modules/.pnpm/supertest@7.2.2/node_modules/supertest/lib/test.js:342:13)
      at Test.assert (node_modules/.pnpm/supertest@7.2.2/node_modules/supertest/lib/test.js:195:23)
      at localAssert (node_modules/.pnpm/supertest@7.2.2/node_modules/supertest/lib/test.js:138:14)
      at Server.<anonymous> (node_modules/.pnpm/supertest@7.2.2/node_modules/supertest/lib/test.js:152:11)

  โ— GET /api/video-clips โ€บ 200 + video clip collection when authenticated

    expected 200 "OK", got 401 "Unauthorized"

      204 |   it("200 + video clip collection when authenticated", async () => {
      205 |     const agent = await loginAgent();
    > 206 |     const res = await agent.get("/api/video-clips").expect(200);
          |                                                     ^
      207 |
      208 |     // Response should be an array or an object with clips
      209 |     expect(res.body).toBeDefined();

      at Object.<anonymous> (tests/api/chapters.test.ts:206:53)
      ----
      at Test._assertStatus (node_modules/.pnpm/supertest@7.2.2/node_modules/supertest/lib/test.js:309:14)
      at node_modules/.pnpm/supertest@7.2.2/node_modules/supertest/lib/test.js:365:13
      at Test._assertFunction (node_modules/.pnpm/supertest@7.2.2/node_modules/supertest/lib/test.js:342:13)
      at Test.assert (node_modules/.pnpm/supertest@7.2.2/node_modules/supertest/lib/test.js:195:23)
      at localAssert (node_modules/.pnpm/supertest@7.2.2/node_modules/supertest/lib/test.js:138:14)
      at Server.<anonymous> (node_modules/.pnpm/supertest@7.2.2/node_modules/supertest/lib/test.js:152:11)


Test Suites: 4 failed, 4 skipped, 4 of 8 total
Tests:       54 failed, 122 skipped, 32 passed, 208 total
Snapshots:   0 total
Time:        17.378 s
Ran all test suites.
โ€ELIFECYCLEโ€ Test failed. See above for more details.
